
> billbytekot@2.1.0 test
> craco test menuCache.unit.test.js --testTimeout=30000 --watchAll=false --verbose

Project root path resolved to:  C:\Users\shivs\da\restro-ai\frontend
Override started with arguments:  [
  'C:\\Program Files\\nodejs\\node.exe',
  'C:\\Users\\shivs\\da\\restro-ai\\frontend\\node_modules\\@craco\\craco\\dist\\scripts\\test.js',
  'menuCache.unit.test.js',
  '--testTimeout=30000',
  '--watchAll=false',
  '--verbose'
]
For environment:  test
Config file path resolved to:  C:\Users\shivs\da\restro-ai\frontend\craco.config.js
Applied craco config plugins.
Found jest config at:  C:\Users\shivs\da\restro-ai\frontend\node_modules\react-scripts\scripts\utils\createJestConfig.js
Overrode require cache for module: C:\Users\shivs\da\restro-ai\frontend\node_modules\react-scripts\scripts\utils\createJestConfig.js
Overrode Jest config provider.
Overrided Jest config.
Testing CRA at:  C:\Users\shivs\da\restro-ai\frontend\node_modules\react-scripts\scripts\test.js
Merged Jest config with 'jest.configure'.
Applied Jest config plugins.
Merged Jest config.
node.exe : FAIL src/utils/__tests__/menuCache.unit.test.js
At line:1 char:1
+ & "C:\Program Files\nodejs/node.exe" "C:\Program 
Files\nodejs/node_mo ...
+ 
~~~~~~~~~~~~~~~~~~~~~~~~~~~~~~~~~~~~~~~~~~~~~~~~~~~~~~~~~~~~~~~~~~~~~
    + CategoryInfo          : NotSpecified: (FAIL src/utils/...he.un 
   it.test.js:String) [], RemoteException
    + FullyQualifiedErrorId : NativeCommandError
 
  MenuCache Unit Tests - Edge Cases
    localStorage quota exceeded
      ├ù handles quota exceeded gracefully (1 ms)
      ├ù clears cache on quota exceeded (3 ms)
      ├ù continues to work with memory cache when localStorage fails 
(1 ms)
    cache corruption handling
      ΓêÜ handles corrupted JSON in localStorage (1 ms)
      ΓêÜ handles missing properties in cached data (1 ms)
      ΓêÜ handles invalid timestamp in cached data (1 ms)
      ΓêÜ handles missing version in cached data (1 ms)
    cache with missing data
      ΓêÜ returns null when cache is empty
      ΓêÜ returns null when memory cache is empty and localStorage 
is empty (1 ms)
      ΓêÜ handles empty array gracefully (2 ms)
      ΓêÜ updateCachedItem returns false when cache is empty
      ΓêÜ removeCachedItem returns false when cache is empty (1 ms)
      ΓêÜ removeCachedItem returns false when item not found (1 ms)
    cache with null/undefined values
      ΓêÜ handles null items array
      ΓêÜ handles undefined items array
      ΓêÜ handles null item in updateCachedItem
      ΓêÜ handles undefined item in updateCachedItem (1 ms)
      ΓêÜ handles null itemId in removeCachedItem
      ΓêÜ handles undefined itemId in removeCachedItem
      ΓêÜ handles empty string itemId in removeCachedItem
    cache size limits
      ΓêÜ limits cache to maxCacheSize (2 ms)
      ΓêÜ stores first N items when exceeding limit (1 ms)
    cache expiration
      ΓêÜ memory cache expires after TTL (1 ms)
      ΓêÜ localStorage cache expires after persistent TTL
      ΓêÜ fresh cache is not stale (1 ms)
    user isolation
      ΓêÜ invalidates cache when user changes
      ΓêÜ allows cache when no user ID available (1 ms)
    cache statistics
      ΓêÜ returns accurate statistics (1 ms)
      ΓêÜ statistics reflect empty cache
    cache metadata
      ΓêÜ creates metadata on cache update (1 ms)
      ΓêÜ returns null when no metadata exists
      ΓêÜ handles corrupted metadata (1 ms)
    item change detection
      ΓêÜ detects changed items (1 ms)
      ΓêÜ detects unchanged items
    cache merge
      ΓêÜ returns server items when cache is empty (1 ms)
      ΓêÜ detects added items
      ΓêÜ detects removed items (1 ms)

  ΓùÅ MenuCache Unit Tests - Edge Cases ΓÇ║ localStorage quota 
exceeded ΓÇ║ handles quota exceeded gracefully

    TypeError: global.localStorage._setQuotaExceeded is not a 
function

    [0m [90m 75 |[39m
     [90m 76 |[39m       [90m// Set quota exceeded[39m
    [31m[1m>[22m[39m[90m 77 |[39m       global[33m.[39mlocalS
torage[33m.[39m_setQuotaExceeded([36mtrue[39m)[33m;[39m
     [90m    |[39m                           [31m[1m^[22m[39m
     [90m 78 |[39m
     [90m 79 |[39m       [90m// Should not throw[39m
     [90m 80 |[39m       expect(() [33m=>[39m {[0m

      at Object.<anonymous> 
(src/utils/__tests__/menuCache.unit.test.js:77:27)
      at TestScheduler.scheduleTests 
(node_modules/@jest/core/build/TestScheduler.js:333:13)
      at runJest (node_modules/@jest/core/build/runJest.js:404:19)
      at _run10000 (node_modules/@jest/core/build/cli/index.js:320:7)
      at runCLI (node_modules/@jest/core/build/cli/index.js:173:3)

  ΓùÅ MenuCache Unit Tests - Edge Cases ΓÇ║ localStorage quota 
exceeded ΓÇ║ clears cache on quota exceeded

    TypeError: global.localStorage._setQuotaExceeded is not a 
function

    [0m [90m 100 |[39m
     [90m 101 |[39m       [90m// Set quota exceeded[39m
    [31m[1m>[22m[39m[90m 102 |[39m       global[33m.[39mlocal
Storage[33m.[39m_setQuotaExceeded([36mtrue[39m)[33m;[39m
     [90m     |[39m                           [31m[1m^[22m[39m
     [90m 103 |[39m
     [90m 104 |[39m       [90m// Try to update cache[39m
     [90m 105 |[39m       
cache[33m.[39msetCachedItems([[33m...[39mitems[33m,[39m { 
id[33m:[39m [32m'2'[39m[33m,[39m name[33m:[39m [32m'Item 
2'[39m[33m,[39m price[33m:[39m [35m20[39m[33m,[39m 
available[33m:[39m [36mtrue[39m }])[33m;[39m[0m

      at Object.<anonymous> 
(src/utils/__tests__/menuCache.unit.test.js:102:27)
      at TestScheduler.scheduleTests 
(node_modules/@jest/core/build/TestScheduler.js:333:13)
      at runJest (node_modules/@jest/core/build/runJest.js:404:19)
      at _run10000 (node_modules/@jest/core/build/cli/index.js:320:7)
      at runCLI (node_modules/@jest/core/build/cli/index.js:173:3)

  ΓùÅ MenuCache Unit Tests - Edge Cases ΓÇ║ localStorage quota 
exceeded ΓÇ║ continues to work with memory cache when localStorage 
fails

    TypeError: global.localStorage._setQuotaExceeded is not a 
function

    [0m [90m 115 |[39m
     [90m 116 |[39m       [90m// Set quota exceeded[39m
    [31m[1m>[22m[39m[90m 117 |[39m       global[33m.[39mlocal
Storage[33m.[39m_setQuotaExceeded([36mtrue[39m)[33m;[39m
     [90m     |[39m                           [31m[1m^[22m[39m
     [90m 118 |[39m
     [90m 119 |[39m       [90m// Set items (localStorage will 
fail, but memory cache should work)[39m
     [90m 120 |[39m       
cache[33m.[39msetCachedItems(items)[33m;[39m[0m

      at Object.<anonymous> 
(src/utils/__tests__/menuCache.unit.test.js:117:27)
      at TestScheduler.scheduleTests 
(node_modules/@jest/core/build/TestScheduler.js:333:13)
      at runJest (node_modules/@jest/core/build/runJest.js:404:19)
      at _run10000 (node_modules/@jest/core/build/cli/index.js:320:7)
      at runCLI (node_modules/@jest/core/build/cli/index.js:173:3)

Test Suites: 1 failed, 1 total
Tests:       3 failed, 34 passed, 37 total
Snapshots:   0 total
Time:        1.973 s
Ran all test suites matching /menuCache.unit.test.js/i.
